# Licensed to the Apache Software Foundation (ASF) under one or more
# contributor license agreements.  See the NOTICE file distributed with
# this work for additional information regarding copyright ownership.
# The ASF licenses this file to You under the Apache License, Version 2.0
# (the "License"); you may not use this file except in compliance with
# the License.  You may obtain a copy of the License at
#
#     http://www.apache.org/licenses/LICENSE-2.0
#
# Unless required by applicable law or agreed to in writing, software
# distributed under the License is distributed on an "AS IS" BASIS,
# WITHOUT WARRANTIES OR CONDITIONS OF ANY KIND, either express or implied.
# See the License for the specific language governing permissions and
# limitations under the License.

nodes:
{{- range .nodes }}
{{- if eq .name "User" }}
- id: {{ b64enc "User" }}.0
  name: User
  type: USER
  isreal: false
{{- end }}
{{- if eq .name "e2e-service-provider" }}
- id: {{ b64enc "e2e-service-provider"}}.1
  name: e2e-service-provider
  type: Tomcat
  isreal: true
{{- end }}
{{- if eq .name "e2e-service-consumer" }}
- id: {{ b64enc "e2e-service-consumer"}}.1
  name: e2e-service-consumer
  type: Tomcat
  isreal: true
{{- end }}
{{- if eq .name "localhost:-1" }}
- id: {{ b64enc "localhost:-1" }}.0
  name: localhost:-1
  type: H2
  isreal: false
{{- end }}
{{- end }}
calls:
{{- range .calls }}
{{- if eq .source "ZTJlLXNlcnZpY2UtY29uc3VtZXI=.1" }}
- source: {{ b64enc "e2e-service-consumer"}}.1
  sourcecomponents: []
  target: {{ b64enc "e2e-service-provider"}}.1
  targetcomponents: []
  id: {{ b64enc "e2e-service-consumer"}}.1-{{ b64enc "e2e-service-provider"}}.1
  detectpoints:
    - CLIENT
    - SERVER
{{- end }}
{{- if eq .source "ZTJlLXNlcnZpY2UtcHJvdmlkZXI=.1" }}
- source: {{ b64enc "e2e-service-provider" }}.1
  sourcecomponents: []
  target: {{ b64enc "localhost:-1"}}.0
  targetcomponents: []
  id: {{ b64enc "e2e-service-provider" }}.1-{{ b64enc "localhost:-1"}}.0
  detectpoints:
    - CLIENT
{{- end }}
{{- if eq .source "VXNlcg==.0" }}
- source: {{ b64enc "User" }}.0
  sourcecomponents: []
  target: {{ b64enc "e2e-service-consumer"}}.1
  targetcomponents: []
  id: {{ b64enc "User" }}.0-{{ b64enc "e2e-service-consumer"}}.1
  detectpoints:
    - SERVER
{{- end }}
{{- end }}
